EN labo4top NULL "C:/STUDENTEN/Pieter en Gijs/labo4oef1/labo4TOP.vhd" sub00/vhpl06 1395477534
AR labo4top behavioral "C:/STUDENTEN/Pieter en Gijs/labo4oef1/labo4TOP.vhd" sub00/vhpl07 1395477535
AR oefeningxor behavioral "C:/STUDENTEN/Pieter en Gijs/oefening1xor/oefeningxor.vhd" sub00/vhpl05 1395477533
AR labo3oefening1 behavioral "C:/STUDENTEN/Pieter en Gijs/labo3oefening1/labo3oefening1.vhd" sub00/vhpl01 1395477531
AR oefening1_2 behavioral "C:/STUDENTEN/Pieter en Gijs/oefening1_2/oefening1_2.vhd" sub00/vhpl03 1395477529
EN labo3oefening1 NULL "C:/STUDENTEN/Pieter en Gijs/labo3oefening1/labo3oefening1.vhd" sub00/vhpl00 1395477530
EN oefeningxor NULL "C:/STUDENTEN/Pieter en Gijs/oefening1xor/oefeningxor.vhd" sub00/vhpl04 1395477532
EN oefening1_2 NULL "C:/STUDENTEN/Pieter en Gijs/oefening1_2/oefening1_2.vhd" sub00/vhpl02 1395477528
