V3 3
FL "F:/Digitale electronica/oefenenLabo3/oefening.vhd" 2014/04/27.21:14:28 P.28xd
EN work/oefening 1398626073 \
      FL "F:/Digitale electronica/oefenenLabo3/oefening.vhd" \
      PB ieee/std_logic_1164 1341906176
AR work/oefening/Behavioral 1398626074 \
      FL "F:/Digitale electronica/oefenenLabo3/oefening.vhd" EN work/oefening 1398626073
