V3 3
FL "C:/STUDENTEN/Pieter en Gijs/oefening1xor/oefeningxor.vhd" 2014/03/01.11:01:41 O.61xd
EN work/oefeningxor 1393668104 \
      FL "C:/STUDENTEN/Pieter en Gijs/oefening1xor/oefeningxor.vhd" \
      PB ieee/std_logic_1164 1308643377
AR work/oefeningxor/Behavioral 1393668105 \
      FL "C:/STUDENTEN/Pieter en Gijs/oefening1xor/oefeningxor.vhd" \
      EN work/oefeningxor 1393668104
