V3 3
FL "E:/Digitale electronica/labo5oefening1/oefening1.vhd" 2014/04/28.09:12:56 O.61xd
EN work/oefening1 1398669647 \
      FL "E:/Digitale electronica/labo5oefening1/oefening1.vhd" \
      PB ieee/std_logic_1164 1308643377
AR work/oefening1/Behavioral 1398669648 \
      FL "E:/Digitale electronica/labo5oefening1/oefening1.vhd" EN work/oefening1 1398669647
