V3 3
FL "C:/STUDENTEN/Pieter en Gijs/oefening1_2/oefening1_2.vhd" 2014/03/01.09:48:37 O.61xd
EN work/oefening1_2 1393663780 \
      FL "C:/STUDENTEN/Pieter en Gijs/oefening1_2/oefening1_2.vhd" \
      PB ieee/std_logic_1164 1308643377
AR work/oefening1_2/Behavioral 1393663781 \
      FL "C:/STUDENTEN/Pieter en Gijs/oefening1_2/oefening1_2.vhd" \
      EN work/oefening1_2 1393663780
